// Jest Snapshot v1, https://goo.gl/fbAQLP

exports[`Form should render and match snapshot 1`] = `
<form
  class="makeStyles-root-1"
  name="testForm"
>
  <div
    class="MuiFormControl-root MuiTextField-root"
  >
    <label
      class="MuiFormLabel-root MuiInputLabel-root MuiInputLabel-formControl MuiInputLabel-animated MuiInputLabel-shrink MuiInputLabel-outlined MuiFormLabel-filled Mui-required Mui-required"
      data-shrink="true"
      for="text-input"
      id="text-input-label"
    >
      Text input label
      <span
        aria-hidden="true"
        class="MuiFormLabel-asterisk MuiInputLabel-asterisk"
      >
         
        *
      </span>
    </label>
    <div
      class="MuiInputBase-root MuiOutlinedInput-root MuiInputBase-formControl"
    >
      <input
        aria-invalid="false"
        class="MuiInputBase-input MuiOutlinedInput-input"
        id="text-input"
        name="textInput"
        required=""
        type="text"
        value=""
      />
      <fieldset
        aria-hidden="true"
        class="PrivateNotchedOutline-root-2 MuiOutlinedInput-notchedOutline"
      >
        <legend
          class="PrivateNotchedOutline-legendLabelled-4 PrivateNotchedOutline-legendNotched-5"
        >
          <span>
            Text input label
             *
          </span>
        </legend>
      </fieldset>
    </div>
    
  </div>
  <div
    class="MuiFormControl-root MuiTextField-root"
  >
    <label
      class="MuiFormLabel-root MuiInputLabel-root MuiInputLabel-formControl MuiInputLabel-animated MuiInputLabel-shrink MuiInputLabel-outlined MuiFormLabel-filled Mui-required Mui-required"
      data-shrink="true"
      for="select-input"
      id="select-input-label"
    >
      Select input label
      <span
        aria-hidden="true"
        class="MuiFormLabel-asterisk MuiInputLabel-asterisk"
      >
         
        *
      </span>
    </label>
    <div
      class="MuiInputBase-root MuiOutlinedInput-root MuiInputBase-formControl"
    >
      <div
        aria-haspopup="listbox"
        aria-labelledby="select-input-label select-input"
        class="MuiSelect-root MuiSelect-select MuiSelect-selectMenu MuiSelect-outlined MuiInputBase-input MuiOutlinedInput-input"
        id="select-input"
        role="button"
        tabindex="0"
      >
        <div
          class="MuiBox-root MuiBox-root-6"
        >
          Switzerland
          <span
            style="color: rgb(255, 255, 255); margin-left: 10px; width: 100px; height: 20px;"
          />
        </div>
      </div>
      <input
        aria-hidden="true"
        class="MuiSelect-nativeInput"
        name="selectInput"
        required=""
        tabindex="-1"
        value="CH"
      />
      <svg
        aria-hidden="true"
        class="MuiSvgIcon-root MuiSelect-icon MuiSelect-iconOutlined"
        focusable="false"
        viewBox="0 0 24 24"
      >
        <path
          d="M7 10l5 5 5-5z"
        />
      </svg>
      <fieldset
        aria-hidden="true"
        class="PrivateNotchedOutline-root-2 MuiOutlinedInput-notchedOutline"
      >
        <legend
          class="PrivateNotchedOutline-legendLabelled-4 PrivateNotchedOutline-legendNotched-5"
        >
          <span>
            Select input label
             *
          </span>
        </legend>
      </fieldset>
    </div>
    
  </div>
  <label
    class="MuiFormControlLabel-root"
    id="checkbox-input"
  >
    <span
      aria-disabled="false"
      class="MuiButtonBase-root MuiIconButton-root PrivateSwitchBase-root-7 MuiCheckbox-root MuiCheckbox-colorPrimary PrivateSwitchBase-checked-8 Mui-checked MuiIconButton-colorPrimary"
    >
      <span
        class="MuiIconButton-label"
      >
        <input
          checked=""
          class="PrivateSwitchBase-input-10"
          data-indeterminate="false"
          name="checkboxInput"
          type="checkbox"
          value=""
        />
        <svg
          aria-hidden="true"
          class="MuiSvgIcon-root"
          focusable="false"
          viewBox="0 0 24 24"
        >
          <path
            d="M19 3H5c-1.11 0-2 .9-2 2v14c0 1.1.89 2 2 2h14c1.11 0 2-.9 2-2V5c0-1.1-.89-2-2-2zm-9 14l-5-5 1.41-1.41L10 14.17l7.59-7.59L19 8l-9 9z"
          />
        </svg>
      </span>
      <span
        class="MuiTouchRipple-root"
      />
    </span>
    <span
      class="MuiTypography-root MuiFormControlLabel-label MuiTypography-body1"
    >
      Checkbox input label
    </span>
  </label>
  <div
    class="MuiFormGroup-root"
    role="radiogroup"
  >
    <label
      class="MuiFormControlLabel-root"
    >
      <span
        aria-disabled="false"
        class="MuiButtonBase-root MuiIconButton-root PrivateSwitchBase-root-7 MuiRadio-root MuiRadio-colorPrimary MuiIconButton-colorPrimary"
      >
        <span
          class="MuiIconButton-label"
        >
          <input
            class="PrivateSwitchBase-input-10"
            name="radioGroup"
            type="radio"
            value="1"
          />
          <div
            class="PrivateRadioButtonIcon-root-11"
          >
            <svg
              aria-hidden="true"
              class="MuiSvgIcon-root"
              focusable="false"
              viewBox="0 0 24 24"
            >
              <path
                d="M12 2C6.48 2 2 6.48 2 12s4.48 10 10 10 10-4.48 10-10S17.52 2 12 2zm0 18c-4.42 0-8-3.58-8-8s3.58-8 8-8 8 3.58 8 8-3.58 8-8 8z"
              />
            </svg>
            <svg
              aria-hidden="true"
              class="MuiSvgIcon-root PrivateRadioButtonIcon-layer-12"
              focusable="false"
              viewBox="0 0 24 24"
            >
              <path
                d="M8.465 8.465C9.37 7.56 10.62 7 12 7C14.76 7 17 9.24 17 12C17 13.38 16.44 14.63 15.535 15.535C14.63 16.44 13.38 17 12 17C9.24 17 7 14.76 7 12C7 10.62 7.56 9.37 8.465 8.465Z"
              />
            </svg>
          </div>
        </span>
        <span
          class="MuiTouchRipple-root"
        />
      </span>
      <span
        class="MuiTypography-root MuiFormControlLabel-label MuiTypography-body1"
      >
        Radio one
      </span>
    </label>
    <label
      class="MuiFormControlLabel-root"
    >
      <span
        aria-disabled="false"
        class="MuiButtonBase-root MuiIconButton-root PrivateSwitchBase-root-7 MuiRadio-root MuiRadio-colorPrimary PrivateSwitchBase-checked-8 Mui-checked MuiIconButton-colorPrimary"
      >
        <span
          class="MuiIconButton-label"
        >
          <input
            checked=""
            class="PrivateSwitchBase-input-10"
            name="radioGroup"
            type="radio"
            value="2"
          />
          <div
            class="PrivateRadioButtonIcon-root-11 PrivateRadioButtonIcon-checked-13"
          >
            <svg
              aria-hidden="true"
              class="MuiSvgIcon-root"
              focusable="false"
              viewBox="0 0 24 24"
            >
              <path
                d="M12 2C6.48 2 2 6.48 2 12s4.48 10 10 10 10-4.48 10-10S17.52 2 12 2zm0 18c-4.42 0-8-3.58-8-8s3.58-8 8-8 8 3.58 8 8-3.58 8-8 8z"
              />
            </svg>
            <svg
              aria-hidden="true"
              class="MuiSvgIcon-root PrivateRadioButtonIcon-layer-12"
              focusable="false"
              viewBox="0 0 24 24"
            >
              <path
                d="M8.465 8.465C9.37 7.56 10.62 7 12 7C14.76 7 17 9.24 17 12C17 13.38 16.44 14.63 15.535 15.535C14.63 16.44 13.38 17 12 17C9.24 17 7 14.76 7 12C7 10.62 7.56 9.37 8.465 8.465Z"
              />
            </svg>
          </div>
        </span>
        <span
          class="MuiTouchRipple-root"
        />
      </span>
      <span
        class="MuiTypography-root MuiFormControlLabel-label MuiTypography-body1"
      >
        Radio two
      </span>
    </label>
  </div>
  <div
    class="MuiInputBase-root MuiInput-root MuiInput-underline"
  >
    <input
      class="MuiInputBase-input MuiInput-input"
      name="hiddenInput"
      type="hidden"
      value="hidden-value"
    />
  </div>
  <button
    class="MuiButtonBase-root MuiButton-root MuiButton-contained MuiButton-containedPrimary"
    tabindex="0"
    type="submit"
  >
    <span
      class="MuiButton-label"
    >
      Submit
    </span>
    <span
      class="MuiTouchRipple-root"
    />
  </button>
</form>
`;
